// Jest Snapshot v1, https://goo.gl/fbAQLP

exports[`onBuild() writes correct redirects to netlifyConfig 1`] = `
"/_next/image* /_ipx/w_:width,q_:quality/:url 301
/_ipx/* /.netlify/functions/_ipx 200
/_next/data/I9WsDBcMY6HmfxTpCRMvs/getStaticProps/withFallback/:id.json /.netlify/functions/___netlify-odb-handler 200
/_next/data/I9WsDBcMY6HmfxTpCRMvs/getStaticProps/withFallback/:slug/* /.netlify/functions/___netlify-odb-handler 200
/_next/data/I9WsDBcMY6HmfxTpCRMvs/getStaticProps/withFallbackBlocking/:id.json /.netlify/functions/___netlify-odb-handler 200
/_next/data/I9WsDBcMY6HmfxTpCRMvs/getStaticProps/withRevalidate/withFallback/:id.json /.netlify/functions/___netlify-odb-handler 200
/getStaticProps/withFallback/:id /.netlify/functions/___netlify-odb-handler 200
/getStaticProps/withFallback/:slug/* /.netlify/functions/___netlify-odb-handler 200
/getStaticProps/withFallbackBlocking/:id /.netlify/functions/___netlify-odb-handler 200
/getStaticProps/withRevalidate/withFallback/:id /.netlify/functions/___netlify-odb-handler 200
/_next/static/* /static/:splat 200
/* /.netlify/functions/___netlify-handler 200
"
`;
