// Jest Snapshot v1, https://goo.gl/fbAQLP

exports[`onBuild() writes correct redirects to netlifyConfig 1`] = `
Array [
  Object {
    "from": "/_next/image*",
    "query": Object {
      "q": ":quality",
      "url": ":url",
      "w": ":width",
    },
    "status": 301,
    "to": "/_ipx/w_:width,q_:quality/:url",
  },
  Object {
    "from": "/_ipx/*",
    "status": 200,
    "to": "/.netlify/functions/_ipx",
  },
  Object {
    "force": true,
    "from": "/cache/*",
    "status": 404,
    "to": "/404.html",
  },
  Object {
    "force": true,
    "from": "/server/*",
    "status": 404,
    "to": "/404.html",
  },
  Object {
    "force": true,
    "from": "/serverless/*",
    "status": 404,
    "to": "/404.html",
  },
  Object {
    "force": true,
    "from": "/traces",
    "status": 404,
    "to": "/404.html",
  },
  Object {
    "force": true,
    "from": "/routes-manifest.json",
    "status": 404,
    "to": "/404.html",
  },
  Object {
    "force": true,
    "from": "/build-manifest.json",
    "status": 404,
    "to": "/404.html",
  },
  Object {
    "force": true,
    "from": "/prerender-manifest.json",
    "status": 404,
    "to": "/404.html",
  },
  Object {
    "force": true,
    "from": "/react-loadable-manifest.json",
    "status": 404,
    "to": "/404.html",
  },
  Object {
    "force": true,
    "from": "/BUILD_ID",
    "status": 404,
    "to": "/404.html",
  },
  Object {
    "from": "/:locale/_next/static/*",
    "status": 200,
    "to": "/:locale/static/:splat",
  },
  Object {
    "conditions": Object {
      "Cookie": Array [
        "__prerender_bypass",
        "__next_preview_data",
      ],
    },
    "force": true,
    "from": "/*",
    "status": 200,
    "to": "/.netlify/functions/___netlify-handler",
  },
  Object {
    "from": "/getStaticProps/withFallback/:slug/*",
    "status": 200,
    "to": "/.netlify/functions/___netlify-odb-handler",
  },
  Object {
    "from": "/_next/data/build-id/getStaticProps/withFallback/:slug/*",
    "status": 200,
    "to": "/.netlify/functions/___netlify-odb-handler",
  },
  Object {
    "from": "/getStaticProps/withFallback/:id",
    "status": 200,
    "to": "/.netlify/functions/___netlify-odb-handler",
  },
  Object {
    "from": "/_next/data/build-id/getStaticProps/withFallback/:id.json",
    "status": 200,
    "to": "/.netlify/functions/___netlify-odb-handler",
  },
  Object {
    "from": "/getStaticProps/withFallbackBlocking/:id",
    "status": 200,
    "to": "/.netlify/functions/___netlify-odb-handler",
  },
  Object {
    "from": "/_next/data/build-id/getStaticProps/withFallbackBlocking/:id.json",
    "status": 200,
    "to": "/.netlify/functions/___netlify-odb-handler",
  },
  Object {
    "from": "/getStaticProps/withRevalidate/withFallback/:id",
    "status": 200,
    "to": "/.netlify/functions/___netlify-odb-handler",
  },
  Object {
    "from": "/_next/data/build-id/getStaticProps/withRevalidate/withFallback/:id.json",
    "status": 200,
    "to": "/.netlify/functions/___netlify-odb-handler",
  },
  Object {
    "from": "/*",
    "status": 200,
    "to": "/.netlify/functions/___netlify-handler",
  },
]
`;
